Processing ota (platform: espressif32; board: esp32dev; framework: arduino)
--------------------------------------------------------------------------------
Tool Manager: Installing https://github.com/pioarduino/registry/releases/download/0.0.1/mklittlefs-3.2.0-new.zip
Unpacking 0% 10% 20%
Tool Manager: tool-mklittlefs@3.2.0 has been installed!
Verbose mode can be enabled via `-v, --verbose` option
CONFIGURATION: https://docs.platformio.org/page/boards/espressif32/esp32dev.html
PLATFORM: Espressif 32 (55.3.35) > Espressif ESP32 Dev Module
HARDWARE: ESP32 240MHz, 320KB RAM, 4MB Flash
DEBUG: Current (cmsis-dap) External (cmsis-dap, esp-bridge, esp-prog, iot-bus-jtag, jlink, minimodule, olimex-arm-usb-ocd, olimex-arm-usb-ocd-h, olimex-arm-usb-tiny-h, olimex-jtag-tiny, tumpa)
PACKAGES: 
 - contrib-piohome @ 3.4.4 
 - framework-arduinoespressif32 @ 3.3.5 
 - framework-arduinoespressif32-libs @ 5.5.0+sha.9bb7aa84fe 
 - tool-esptoolpy @ 5.1.0 
 - tool-openocd-esp32 @ 2.1200.20250707 (12.0) 
 - tool-xtensa-esp-elf-gdb @ 16.3.0+20250913 
 - toolchain-xtensa-esp-elf @ 14.2.0+20251107
LDF: Library Dependency Finder -> https://bit.ly/configure-pio-ldf
LDF Modes: Finder ~ chain, Compatibility ~ soft
Found 45 compatible libraries
Scanning dependencies...
Dependency Graph
|-- Ai Esp32 Rotary Encoder @ 1.7.0
|-- ArduinoJson @ 7.4.3
|-- ArduinoOTA @ 3.3.5
|-- WebServer @ 3.3.5
|-- WiFi @ 3.3.5
Building in release mode
Retrieving maximum program size .pio/build/ota/firmware.elf
Checking size .pio/build/ota/firmware.elf
Advanced Memory Usage is available via "PlatformIO Home > Project Inspect"
RAM:   [==        ]  15.6% (used 51168 bytes from 327680 bytes)
Flash: [========  ]  79.7% (used 1044683 bytes from 1310720 bytes)
========================= [SUCCESS] Took 5.38 seconds =========================

Environment    Status    Duration
-------------  --------  ------------
ota            SUCCESS   00:00:05.377
========================= 1 succeeded in 00:00:05.377 =========================
